Microchip MPLAB XC8 Compiler V3.10

Linker command line:

-W-3 \
  --edf=C:\Program Files\Microchip\xc8\v3.10\pic\dat\20250813170317_en.msgs \
  -cn -h+dist/default/production\Kurs.X.production.sym \
  --cmf=dist/default/production\Kurs.X.production.cmf -z -Q18F2520 \
  -oC:\Users\ushas\AppData\Local\Temp\xcAsm4s.0\driver_tmp_3.o \
  --defsym=__MPLAB_BUILD=1 --fixupoverflow=error \
  -Mdist/default/production/Kurs.X.production.map \
  --md=C:\Users\ushas\AppData\Local\Temp\xcAsm4s.0\driver_tmp_0.dat -E1 \
  -ver=XC8 Compiler -ACODE=00h-07FFFh -ACONST=00h-07FFFh \
  -ASMALLCONST=0600h-06FFhx122 -AMEDIUMCONST=0600h-07FFFh -ACOMRAM=01h-07Fh \
  -AABS1=00h-05FFh -ABIGRAM=01h-05FFh -ARAM=080h-0FFh,0100h-01FFhx5 \
  -ABANK0=080h-0FFh -ABANK1=0100h-01FFh -ABANK2=0200h-02FFh \
  -ABANK3=0300h-03FFh -ABANK4=0400h-04FFh -ABANK5=0500h-05FFh \
  -ASFR=0F80h-0FFFh -ABIGSFR=0F80h-0FFFh -ACONFIG=0300000h-030000Dh \
  -AIDLOC=0200000h-0200007h -AEEDATA=0F00000h-0F000FFh -peeprom_data=EEDATA \
  -preset_vec=00h,intcode=8h,intcodelo=18h,sivt_lo,sivt_hi=CODE \
  -ppowerup=CODE,init -pramtop=0600h -psmallconst=SMALLCONST \
  -pmediumconst=MEDIUMCONST -pconst=CONST -AFARRAM=00h-00h \
  -prdata=COMRAM,nvrram=COMRAM,nvbit=COMRAM,rbss=COMRAM,rbit=COMRAM \
  -pfarbss=FARRAM,fardata=FARRAM,nvFARRAM=FARRAM \
  -pintsave_regs=BIGRAM,bigbss=BIGRAM,bigdata=BIGRAM -pbss=RAM \
  -pidata=CODE,irdata=CODE,ibigdata=CODE,ifardata=CODE -prparam=COMRAM \
  C:\Users\ushas\AppData\Local\Temp\xcAsm4s.0\driver_tmp_14.o \
  dist/default/production\Kurs.X.production.o 

Object code version is 3.11

Machine type is 18F2520



                Name                               Link     Load   Length Selector   Space Scale
C:\Users\ushas\AppData\Local\Temp\xcAsm4s.0\driver_tmp_14.o
                idloc                            200000   200000        8        0       5
                config                           300000   300000        E        0       4
                init                               7FFC     7FFC        4     3FFE       0
                reset_vec                             0        0        4        0       0
dist/default/production\Kurs.X.production.o
                idloc                            200000   200000        8        0       5
                config                           300000   300000        E        0       4
                smallconst                          600      600       E0      300       0
                text23                             1C38     1C38       30      370       0
                text22                             1CFA     1CFA       12      370       0
                text21                             1CE8     1CE8       12      370       0
                text20                             1CD6     1CD6       12      370       0
                text19                             1C90     1C90       24      370       0
                text18                             17AE     17AE       D8      370       0
                text17                             1B30     1B30       68      370       0
                text16                             15BA     15BA      10A      370       0
                text15                             1930     1930       A4      370       0
                text14                             1AC6     1AC6       6A      370       0
                text13                              6E0      6E0      6FA      370       0
                text12                             11C4     11C4      23E      370       0
                text11                             1D0C     1D0C        E      370       0
                text10                             1C68     1C68       28      370       0
                text9                              1A5C     1A5C       6A      370       0
                text8                              16C4     16C4       EA      370       0
                text7                              19D4     19D4       88      370       0
                text6                              1BD4     1BD4       34      370       0
                text5                              1D1A     1D1A        2      370       0
                text4                              1886     1886       AA      370       0
                text3                               DDA      DDA      3EA      370       0
                text2                              1B98     1B98       3C      370       0
                text1                              1C08     1C08       30      370       0
                text0                              1402     1402      1B8      370       0
                cstackCOMRAM                          1        1       5F        1       1
                bssBANK0                             80       80       52       80       1
                bssCOMRAM                            60       60       1F        1       1
                cinit                              1CB4     1CB4       22      370       0

TOTAL           Name                               Link     Load   Length     Space
        CLASS   CODE           
                init                               7FFC     7FFC        4         0
                reset_vec                             0        0        4         0
                text23                             1C38     1C38       30         0
                text22                             1CFA     1CFA       12         0
                text21                             1CE8     1CE8       12         0
                text20                             1CD6     1CD6       12         0
                text19                             1C90     1C90       24         0
                text18                             17AE     17AE       D8         0
                text17                             1B30     1B30       68         0
                text16                             15BA     15BA      10A         0
                text15                             1930     1930       A4         0
                text14                             1AC6     1AC6       6A         0
                text13                              6E0      6E0      6FA         0
                text12                             11C4     11C4      23E         0
                text11                             1D0C     1D0C        E         0
                text10                             1C68     1C68       28         0
                text9                              1A5C     1A5C       6A         0
                text8                              16C4     16C4       EA         0
                text7                              19D4     19D4       88         0
                text6                              1BD4     1BD4       34         0
                text5                              1D1A     1D1A        2         0
                text4                              1886     1886       AA         0
                text3                               DDA      DDA      3EA         0
                text2                              1B98     1B98       3C         0
                text1                              1C08     1C08       30         0
                text0                              1402     1402      1B8         0
                cinit                              1CB4     1CB4       22         0

        CLASS   CONST          

        CLASS   SMALLCONST     
                smallconst                          600      600       E0         0

        CLASS   MEDIUMCONST    

        CLASS   COMRAM         
                cstackCOMRAM                          1        1       5F         1
                bssCOMRAM                            60       60       1F         1

        CLASS   ABS1           

        CLASS   BIGRAM         

        CLASS   RAM            

        CLASS   BANK0          
                bssBANK0                             80       80       52         1

        CLASS   BANK1          

        CLASS   BANK2          

        CLASS   BANK3          

        CLASS   BANK4          

        CLASS   BANK5          

        CLASS   SFR            

        CLASS   BIGSFR         

        CLASS   CONFIG         
                config                           300000   300000        E         4

        CLASS   IDLOC          
                idloc                            200000   200000        8         5

        CLASS   EEDATA         

        CLASS   FARRAM         

        CLASS   HEAP           

        CLASS   STACK          



SEGMENTS        Name                           Load    Length   Top    Selector   Space  Class

                reset_vec                      000000  000004  000004         0       0  CODE    
                cstackCOMRAM                   000001  00007E  00007F         1       1  COMRAM  
                bssBANK0                       000080  000052  0000D2        80       1  BANK0   
                smallconst                     000600  0000E0  0006E0       300       0  SMALLCON
                text13                         0006E0  00163C  001D1C       370       0  CODE    
                init                           007FFC  000004  008000      3FFE       0  CODE    


UNUSED ADDRESS RANGES

        Name                Unused          Largest block    Delta
        BANK0            0000D2-0000FF               2E
        BANK1            000100-0001FF              100
        BANK2            000200-0002FF              100
        BANK3            000300-0003FF              100
        BANK4            000400-0004FF              100
        BANK5            000500-0005FF              100
        BIGRAM           00007F-00007F                1
                         0000D2-0005FF              52E
        BIGSFR           000F80-000FFF               80
        CODE             000004-0005FF              5FC
                         001D1C-007FFB             62E0
        COMRAM           00007F-00007F                1
        CONST            000004-0005FF              5FC
                         001D1C-007FFB             62E0
        EEDATA           F00000-F000FF              100
        MEDIUMCONST      001D1C-007FFB             62E0
        RAM              0000D2-0005FF              100
        SFR              000F80-000FFF               80
        SMALLCONST       001D1C-007FFB              100

                                  Symbol Table

?_BMP180_ReadUP                 cstackCOMRAM 000002
?_BMP180_ReadUT                 cstackCOMRAM 000002
?___aldiv                       cstackCOMRAM 000001
?___almod                       cstackCOMRAM 000001
?___lldiv                       cstackCOMRAM 000001
?___llmod                       cstackCOMRAM 000001
?___lmul                        cstackCOMRAM 000001
?_abs                           cstackCOMRAM 00000B
?_sprintf                       cstackCOMRAM 00001F
?_vfprintf                      cstackCOMRAM 00001B
BMP180_Calculate@b3             cstackCOMRAM 000028
BMP180_Calculate@b4             cstackCOMRAM 00002C
BMP180_Calculate@b6             cstackCOMRAM 000044
BMP180_Calculate@b7             cstackCOMRAM 000038
BMP180_Calculate@p              cstackCOMRAM 00003C
BMP180_Calculate@pressure       cstackCOMRAM 000010
BMP180_Calculate@temperature    cstackCOMRAM 00000F
BMP180_Calculate@up             cstackCOMRAM 000024
BMP180_Calculate@ut             cstackCOMRAM 000020
BMP180_Calculate@x1             cstackCOMRAM 000048
BMP180_Calculate@x2             cstackCOMRAM 000040
BMP180_Calculate@x3             cstackCOMRAM 000030
BMP180_ReadUP@up                cstackCOMRAM 00000B
BMP180_ReadUT@ut                cstackCOMRAM 000005
I2C_Read@ack                    cstackCOMRAM 000001
I2C_Write@data                  cstackCOMRAM 000001
UART_SendString@text            cstackCOMRAM 000001
_BMP180_Calculate               text13       0006E0
_BMP180_Calculate$1407          cstackCOMRAM 000034
_BMP180_ReadCalibration         text12       0011C4
_BMP180_ReadUP                  text18       0017AE
_BMP180_ReadUT                  text17       001B30
_I2C_Init                       text11       001D0C
_I2C_Read                       text23       001C38
_I2C_Restart                    text22       001CFA
_I2C_Start                      text21       001CE8
_I2C_Stop                       text20       001CD6
_I2C_Write                      text19       001C90
_Init                           text10       001C68
_RCSTAbits                      (abs)        000FAB
_SPBRG                          (abs)        000FAF
_SSPADD                         (abs)        000FC8
_SSPBUF                         (abs)        000FC9
_SSPCON1                        (abs)        000FC6
_SSPCON2                        (abs)        000FC5
_SSPCON2bits                    (abs)        000FC5
_SSPSTAT                        (abs)        000FC7
_SSPSTATbits                    (abs)        000FC7
_TRISCbits                      (abs)        000F94
_TXREG                          (abs)        000FAD
_TXSTAbits                      (abs)        000FAC
_UART_SendString                text9        001A5C
__HRAM                          (abs)        000000
__H__absolute__                 __absolute__ 000000
__Habs1                         abs1         000000
__Hbank0                        bank0        000000
__Hbank1                        bank1        000000
__Hbank2                        bank2        000000
__Hbank3                        bank3        000000
__Hbank4                        bank4        000000
__Hbank5                        bank5        000000
__Hbigbss                       bigbss       000000
__Hbigdata                      bigdata      000000
__Hbigram                       bigram       000000
__Hbigsfr                       bigsfr       000000
__Hbss                          bss          000000
__HbssBANK0                     bssBANK0     000000
__HbssCOMRAM                    bssCOMRAM    000000
__Hcinit                        cinit        000000
__Hclrtext                      clrtext      000000
__Hcomram                       comram       000000
__Hconfig                       config       30000E
__Hconst                        const        000000
__HcstackCOMRAM                 cstackCOMRAM 000000
__Hdata                         data         000000
__Heeprom_data                  eeprom_data  000000
__Hfarbss                       farbss       000000
__Hfardata                      fardata      000000
__Hheap                         heap         000000
__Hibigdata                     ibigdata     000000
__Hidata                        idata        000000
__Hidloc                        idloc        200008
__Hifardata                     ifardata     000000
__Hinit                         init         008000
__Hintcode                      intcode      000008
__Hintcode_body                 intcode_body 000000
__Hintcodelo                    intcodelo    000018
__Hintentry                     intentry     000000
__Hintret                       intret       000000
__Hintsave_regs                 intsave_regs 000000
__Hirdata                       irdata       000000
__Hmediumconst                  mediumconst  000000
__HnvFARRAM                     nvFARRAM     000000
__Hnvbit                        nvbit        000000
__Hnvrram                       nvrram       000000
__Hparam                        rparam       000000
__Hpowerup                      powerup      000000
__Hram                          ram          000000
__Hramtop                       ramtop       000600
__Hrbit                         rbit         000000
__Hrbss                         rbss         000000
__Hrdata                        rdata        000000
__Hreset_vec                    reset_vec    000004
__Hrparam                       rparam       000000
__Hsfr                          sfr          000000
__Hsivt_hi                      sivt_hi      000000
__Hsivt_lo                      sivt_lo      000018
__Hsmallconst                   smallconst   0006E0
__Hspace_0                      (abs)        008000
__Hspace_1                      (abs)        0000D2
__Hspace_2                      (abs)        000000
__Hspace_4                      (abs)        60000E
__Hstack                        stack        000000
__Hstruct                       struct       000000
__Htemp                         temp         000000
__Htext                         text         000000
__Htext0                        text0        000000
__Htext1                        text1        000000
__Htext10                       text10       000000
__Htext11                       text11       000000
__Htext12                       text12       000000
__Htext13                       text13       000000
__Htext14                       text14       000000
__Htext15                       text15       000000
__Htext16                       text16       000000
__Htext17                       text17       000000
__Htext18                       text18       000000
__Htext19                       text19       000000
__Htext2                        text2        000000
__Htext20                       text20       000000
__Htext21                       text21       000000
__Htext22                       text22       000000
__Htext23                       text23       000000
__Htext3                        text3        000000
__Htext4                        text4        000000
__Htext5                        text5        000000
__Htext6                        text6        000000
__Htext7                        text7        000000
__Htext8                        text8        000000
__Htext9                        text9        000000
__LRAM                          (abs)        000001
__L__absolute__                 __absolute__ 000000
__Labs1                         abs1         000000
__Lbank0                        bank0        000000
__Lbank1                        bank1        000000
__Lbank2                        bank2        000000
__Lbank3                        bank3        000000
__Lbank4                        bank4        000000
__Lbank5                        bank5        000000
__Lbigbss                       bigbss       000000
__Lbigdata                      bigdata      000000
__Lbigram                       bigram       000000
__Lbigsfr                       bigsfr       000000
__Lbss                          bss          000000
__LbssBANK0                     bssBANK0     000000
__LbssCOMRAM                    bssCOMRAM    000000
__Lcinit                        cinit        000000
__Lclrtext                      clrtext      000000
__Lcomram                       comram       000000
__Lconfig                       config       000000
__Lconst                        const        000000
__LcstackCOMRAM                 cstackCOMRAM 000000
__Ldata                         data         000000
__Leeprom_data                  eeprom_data  000000
__Lfarbss                       farbss       000000
__Lfardata                      fardata      000000
__Lheap                         heap         000000
__Libigdata                     ibigdata     000000
__Lidata                        idata        000000
__Lidloc                        idloc        000000
__Lifardata                     ifardata     000000
__Linit                         init         007FFC
__Lintcode                      intcode      000008
__Lintcode_body                 intcode_body 000000
__Lintcodelo                    intcodelo    000018
__Lintentry                     intentry     000000
__Lintret                       intret       000000
__Lintsave_regs                 intsave_regs 000000
__Lirdata                       irdata       000000
__Lmediumconst                  mediumconst  000000
__LnvFARRAM                     nvFARRAM     000000
__Lnvbit                        nvbit        000000
__Lnvrram                       nvrram       000000
__Lparam                        rparam       000000
__Lpowerup                      powerup      000000
__Lram                          ram          000000
__Lramtop                       ramtop       000600
__Lrbit                         rbit         000000
__Lrbss                         rbss         000000
__Lrdata                        rdata        000000
__Lreset_vec                    reset_vec    000000
__Lrparam                       rparam       000000
__Lsfr                          sfr          000000
__Lsivt_hi                      sivt_hi      000000
__Lsivt_lo                      sivt_lo      000018
__Lsmallconst                   smallconst   000600
__Lspace_0                      (abs)        000000
__Lspace_1                      (abs)        000000
__Lspace_2                      (abs)        000000
__Lspace_4                      (abs)        000000
__Lstack                        stack        000000
__Lstruct                       struct       000000
__Ltemp                         temp         000000
__Ltext                         text         000000
__Ltext0                        text0        000000
__Ltext1                        text1        000000
__Ltext10                       text10       000000
__Ltext11                       text11       000000
__Ltext12                       text12       000000
__Ltext13                       text13       000000
__Ltext14                       text14       000000
__Ltext15                       text15       000000
__Ltext16                       text16       000000
__Ltext17                       text17       000000
__Ltext18                       text18       000000
__Ltext19                       text19       000000
__Ltext2                        text2        000000
__Ltext20                       text20       000000
__Ltext21                       text21       000000
__Ltext22                       text22       000000
__Ltext23                       text23       000000
__Ltext3                        text3        000000
__Ltext4                        text4        000000
__Ltext5                        text5        000000
__Ltext6                        text6        000000
__Ltext7                        text7        000000
__Ltext8                        text8        000000
__Ltext9                        text9        000000
__S0                            (abs)        008000
__S1                            (abs)        0000D2
__S4                            (abs)        000000
__S5                            (abs)        000000
___aldiv                        text16       0015BA
___aldiv@counter                cstackCOMRAM 000009
___aldiv@dividend               cstackCOMRAM 000001
___aldiv@divisor                cstackCOMRAM 000005
___aldiv@quotient               cstackCOMRAM 00000B
___aldiv@sign                   cstackCOMRAM 00000A
___almod                        text8        0016C4
___almod@counter                cstackCOMRAM 000009
___almod@dividend               cstackCOMRAM 000001
___almod@divisor                cstackCOMRAM 000005
___almod@sign                   cstackCOMRAM 00000A
___heap_hi                      (abs)        000000
___heap_lo                      (abs)        000000
___inthi_sp                     stack        000000
___inthi_stack_hi               stack        000000
___inthi_stack_lo               stack        000000
___intlo_sp                     stack        000000
___intlo_stack_hi               stack        000000
___intlo_stack_lo               stack        000000
___lldiv                        text15       001930
___lldiv@counter                cstackCOMRAM 00000D
___lldiv@dividend               cstackCOMRAM 000001
___lldiv@divisor                cstackCOMRAM 000005
___lldiv@quotient               cstackCOMRAM 000009
___llmod                        text7        0019D4
___llmod@counter                cstackCOMRAM 000009
___llmod@dividend               cstackCOMRAM 000001
___llmod@divisor                cstackCOMRAM 000005
___lmul                         text14       001AC6
___lmul@multiplicand            cstackCOMRAM 000005
___lmul@multiplier              cstackCOMRAM 000001
___lmul@product                 cstackCOMRAM 000009
___param_bank                   (abs)        000000
___rparam_used                  (abs)        000001
___sp                           stack        000000
___stack_hi                     stack        000000
___stack_lo                     stack        000000
__accesstop                     (abs)        000080
__activetblptr                  (abs)        000002
__end_of_BMP180_Calculate       text13       000DDA
__end_of_BMP180_ReadCalibration text12       001402
__end_of_BMP180_ReadUP          text18       001886
__end_of_BMP180_ReadUT          text17       001B98
__end_of_I2C_Init               text11       001D1A
__end_of_I2C_Read               text23       001C68
__end_of_I2C_Restart            text22       001D0C
__end_of_I2C_Start              text21       001CFA
__end_of_I2C_Stop               text20       001CE8
__end_of_I2C_Write              text19       001CB4
__end_of_Init                   text10       001C90
__end_of_UART_SendString        text9        001AC6
__end_of___aldiv                text16       0016C4
__end_of___almod                text8        0017AE
__end_of___lldiv                text15       0019D4
__end_of___llmod                text7        001A5C
__end_of___lmul                 text14       001B30
__end_of__initialization        cinit        001CCC
__end_of_abs                    text6        001C08
__end_of_fputc                  text4        001930
__end_of_main                   text0        0015BA
__end_of_putch                  text5        001D1C
__end_of_sprintf                text1        001C38
__end_of_vfpfcnvrt              text3        0011C4
__end_of_vfprintf               text2        001BD4
__initialization                cinit        001CB4
__mediumconst                   smallconst   000600
__pbssBANK0                     bssBANK0     000080
__pbssCOMRAM                    bssCOMRAM    000060
__pcinit                        cinit        001CB4
__pcstackCOMRAM                 cstackCOMRAM 000001
__psmallconst                   smallconst   000600
__ptext0                        text0        001402
__ptext1                        text1        001C08
__ptext10                       text10       001C68
__ptext11                       text11       001D0C
__ptext12                       text12       0011C4
__ptext13                       text13       0006E0
__ptext14                       text14       001AC6
__ptext15                       text15       001930
__ptext16                       text16       0015BA
__ptext17                       text17       001B30
__ptext18                       text18       0017AE
__ptext19                       text19       001C90
__ptext2                        text2        001B98
__ptext20                       text20       001CD6
__ptext21                       text21       001CE8
__ptext22                       text22       001CFA
__ptext23                       text23       001C38
__ptext3                        text3        000DDA
__ptext4                        text4        001886
__ptext5                        text5        001D1A
__ptext6                        text6        001BD4
__ptext7                        text7        0019D4
__ptext8                        text8        0016C4
__ptext9                        text9        001A5C
__ramtop                        ramtop       000600
__smallconst                    smallconst   000600
_abs                            text6        001BD4
_ac1                            bssCOMRAM    00007C
_ac2                            bssCOMRAM    00007A
_ac3                            bssCOMRAM    000078
_ac4                            bssCOMRAM    000076
_ac5                            bssCOMRAM    000074
_ac6                            bssCOMRAM    000072
_b1                             bssCOMRAM    000070
_b2                             bssCOMRAM    00006E
_b5                             bssCOMRAM    000060
_buffer                         bssBANK0     0000A0
_dbuf                           bssBANK0     000080
_flags                          bssCOMRAM    00007E
_fputc                          text4        001886
_main                           text0        001402
_main$1408                      cstackCOMRAM 000054
_main$1409                      cstackCOMRAM 00004E
_mb                             bssCOMRAM    00006C
_mc                             bssCOMRAM    00006A
_md                             bssCOMRAM    000068
_prec                           bssCOMRAM    000066
_putch                          text5        001D1A
_sprintf                        text1        001C08
_vfpfcnvrt                      text3        000DDA
_vfprintf                       text2        001B98
_width                          bssCOMRAM    000064
abs@a                           cstackCOMRAM 00000B
end_of_initialization           cinit        001CCC
fputc@c                         cstackCOMRAM 000001
fputc@fp                        cstackCOMRAM 000003
intlevel0                       text         000000
intlevel1                       text         000000
intlevel2                       text         000000
intlevel3                       text         000000
isa$std                         (abs)        000001
isa$xinst                       (abs)        000000
main@counter                    cstackCOMRAM 000052
main@pressure                   cstackCOMRAM 00005C
main@temperature                cstackCOMRAM 000058
sprintf@ap                      cstackCOMRAM 000029
sprintf@f                       cstackCOMRAM 00002A
sprintf@fmt                     cstackCOMRAM 000020
sprintf@s                       cstackCOMRAM 00001F
stackhi                         (abs)        000000
stacklo                         (abs)        000000
start                           init         007FFC
start_initialization            cinit        001CB4
vfpfcnvrt@ap                    cstackCOMRAM 000011
vfpfcnvrt@c                     cstackCOMRAM 00001A
vfpfcnvrt@convarg               cstackCOMRAM 000016
vfpfcnvrt@cp                    cstackCOMRAM 000015
vfpfcnvrt@done                  cstackCOMRAM 000014
vfpfcnvrt@fmt                   cstackCOMRAM 000010
vfpfcnvrt@fp                    cstackCOMRAM 00000F
vfprintf@ap                     cstackCOMRAM 00001D
vfprintf@cfmt                   cstackCOMRAM 00001E
vfprintf@fmt                    cstackCOMRAM 00001C
vfprintf@fp                     cstackCOMRAM 00001B


MODULE INFORMATION

Module		Function		Class		Link	Load	Size
C:\Program Files\Microchip\xc8\v3.10\pic\sources\c99\common\putch.c
		_putch         		CODE           	1D1A	0000	2

C:\Program Files\Microchip\xc8\v3.10\pic\sources\c99\common\putch.c estimated size: 2

C:\Program Files\Microchip\xc8\v3.10\pic\sources\c99\common\llmod.c
		___llmod       		CODE           	19D4	0000	136

C:\Program Files\Microchip\xc8\v3.10\pic\sources\c99\common\llmod.c estimated size: 136

C:\Program Files\Microchip\xc8\v3.10\pic\sources\c99\common\almod.c
		___almod       		CODE           	16C4	0000	234

C:\Program Files\Microchip\xc8\v3.10\pic\sources\c99\common\almod.c estimated size: 234

C:\Program Files\Microchip\xc8\v3.10\pic\sources\c99\common\abs.c
		_abs           		CODE           	1BD4	0000	52

C:\Program Files\Microchip\xc8\v3.10\pic\sources\c99\common\abs.c estimated size: 52

C:\Program Files\Microchip\xc8\v3.10\pic\sources\c99\common\Umul32.c
		___lmul        		CODE           	1AC6	0000	106

C:\Program Files\Microchip\xc8\v3.10\pic\sources\c99\common\Umul32.c estimated size: 106

C:\Program Files\Microchip\xc8\v3.10\pic\sources\c99\common\aldiv.c
		___aldiv       		CODE           	15BA	0000	266

C:\Program Files\Microchip\xc8\v3.10\pic\sources\c99\common\aldiv.c estimated size: 266

kurssss.c
		_UART_SendString		CODE           	1A5C	0000	106
		_main          		CODE           	1402	0000	440
		_I2C_Write     		CODE           	1C90	0000	36
		_I2C_Stop      		CODE           	1CD6	0000	18
		_I2C_Read      		CODE           	1C38	0000	48
		_I2C_Init      		CODE           	1D0C	0000	14
		_BMP180_ReadUP 		CODE           	17AE	0000	216
		_BMP180_ReadUT 		CODE           	1B30	0000	104
		_Init          		CODE           	1C68	0000	40
		_BMP180_Calculate		CODE           	06E0	0000	1786
		_I2C_Start     		CODE           	1CE8	0000	18
		_BMP180_ReadCalibration		CODE           	11C4	0000	574
		_I2C_Restart   		CODE           	1CFA	0000	18

kurssss.c estimated size: 3418

C:\Program Files\Microchip\xc8\v3.10\pic\sources\c99\common\nf_sprintf.c
		_sprintf       		CODE           	1C08	0000	48

C:\Program Files\Microchip\xc8\v3.10\pic\sources\c99\common\nf_sprintf.c estimated size: 48

shared
		__initialization		CODE           	1CB4	0000	24

shared estimated size: 24

C:\Program Files\Microchip\xc8\v3.10\pic\sources\c99\common\nf_fputc.c
		_fputc         		CODE           	1886	0000	170

C:\Program Files\Microchip\xc8\v3.10\pic\sources\c99\common\nf_fputc.c estimated size: 170

C:\Program Files\Microchip\xc8\v3.10\pic\sources\c99\common\__lldiv.c
		___lldiv       		CODE           	1930	0000	164

C:\Program Files\Microchip\xc8\v3.10\pic\sources\c99\common\__lldiv.c estimated size: 164

C:\Program Files\Microchip\xc8\v3.10\pic\sources\c99\common\doprnt.c
		_vfpfcnvrt     		CODE           	0DDA	0000	1002
		_vfprintf      		CODE           	1B98	0000	60

C:\Program Files\Microchip\xc8\v3.10\pic\sources\c99\common\doprnt.c estimated size: 1062

